// Jest Snapshot v1, https://goo.gl/fbAQLP

exports[`renders correctly 1`] = `
<View
  style={
    Object {
      "backgroundColor": "#F5FCFF",
      "flex": 1,
    }
  }
>
  <RCTScrollView
    contentContainerStyle={
      Object {
        "alignItems": "center",
        "flex": 0,
        "justifyContent": "center",
        "padding": 20,
      }
    }
  >
    <View>
      <Text
        accessible={true}
        allowFontScaling={true}
        ellipsizeMode="tail"
        style={
          Object {
            "fontSize": 20,
            "margin": 5,
            "textAlign": "center",
          }
        }
      >
        Previous Visits
      </Text>
      <View
        style={
          Object {
            "alignItems": "center",
            "flex": 1,
            "maxWidth": "80%",
          }
        }
      >
        <View
          style={
            Object {
              "flex": 1,
              "flexDirection": "row",
            }
          }
        >
          <View
            style={
              Object {
                "alignItems": "center",
                "flex": 1,
                "flexDirection": "column",
              }
            }
          />
          <View
            style={
              Object {
                "alignItems": "center",
                "flex": 1,
                "flexDirection": "column",
              }
            }
          />
          <View
            style={
              Object {
                "alignItems": "center",
                "flex": 1,
                "flexDirection": "column",
              }
            }
          />
        </View>
      </View>
    </View>
  </RCTScrollView>
  <View
    style={
      Object {
        "alignItems": "center",
        "backgroundColor": "#F5FCFF",
        "justifyContent": "center",
      }
    }
  >
    <Text
      accessible={true}
      allowFontScaling={true}
      ellipsizeMode="tail"
      style={
        Object {
          "color": "red",
          "textAlign": "center",
        }
      }
    />
    <Text
      accessible={true}
      allowFontScaling={true}
      ellipsizeMode="tail"
      style={
        Object {
          "color": "green",
          "textAlign": "center",
        }
      }
    />
  </View>
</View>
`;
