// Jest Snapshot v1, https://goo.gl/fbAQLP

exports[`renders correctly 1`] = `
<View
  style={
    Object {
      "backgroundColor": "#F5FCFF",
      "flex": 1,
    }
  }
>
  <RCTScrollView
    contentContainerStyle={
      Object {
        "alignItems": "center",
        "flex": 0,
        "justifyContent": "center",
        "padding": 20,
      }
    }
  >
    <View>
      <Text
        accessible={true}
        allowFontScaling={true}
        ellipsizeMode="tail"
        style={
          Object {
            "fontSize": 20,
            "margin": 10,
            "textAlign": "center",
          }
        }
      >
        Soap
      </Text>
      <View
        style={
          Object {
            "width": "80%",
          }
        }
      >
        <View
          style={Object {}}
        >
          <View
            style={
              Object {
                "marginBottom": 10,
              }
            }
          >
            <Text
              accessible={true}
              allowFontScaling={true}
              ellipsizeMode="tail"
              style={
                Object {
                  "color": "#000000",
                  "fontSize": 17,
                  "fontWeight": "500",
                  "marginBottom": 7,
                }
              }
            >
              Date
            </Text>
            <View
              style={Object {}}
            >
              <TextInput
                accessibilityLabel="Date"
                allowFontScaling={true}
                autoCapitalize={undefined}
                autoCorrect={undefined}
                autoFocus={undefined}
                blurOnSubmit={undefined}
                clearButtonMode={undefined}
                clearTextOnFocus={undefined}
                editable={false}
                enablesReturnKeyAutomatically={undefined}
                keyboardAppearance={undefined}
                keyboardType={undefined}
                maxLength={undefined}
                multiline={undefined}
                numberOfLines={undefined}
                onBlur={undefined}
                onChange={undefined}
                onChangeText={[Function]}
                onContentSizeChange={undefined}
                onEndEditing={undefined}
                onFocus={undefined}
                onKeyPress={undefined}
                onLayout={undefined}
                onSelectionChange={undefined}
                onSubmitEditing={undefined}
                placeholder={undefined}
                placeholderTextColor={undefined}
                returnKeyType={undefined}
                secureTextEntry={undefined}
                selectTextOnFocus={undefined}
                selectionColor={undefined}
                selectionState={undefined}
                style={
                  Object {
                    "backgroundColor": "#eeeeee",
                    "borderColor": "#cccccc",
                    "borderRadius": 4,
                    "borderWidth": 1,
                    "color": "#777777",
                    "fontSize": 17,
                    "height": 36,
                    "marginBottom": 5,
                    "paddingHorizontal": 7,
                    "paddingVertical": 7,
                  }
                }
                underlineColorAndroid="transparent"
                value="20180101"
              />
            </View>
          </View>
          <View
            style={
              Object {
                "marginBottom": 10,
              }
            }
          >
            <Text
              accessible={true}
              allowFontScaling={true}
              ellipsizeMode="tail"
              style={
                Object {
                  "color": "#000000",
                  "fontSize": 17,
                  "fontWeight": "500",
                  "marginBottom": 7,
                }
              }
            >
              Subjective (optional)
            </Text>
            <View
              style={Object {}}
            >
              <TextInput
                accessibilityLabel="Subjective (optional)"
                allowFontScaling={true}
                autoCapitalize={undefined}
                autoCorrect={undefined}
                autoFocus={undefined}
                blurOnSubmit={undefined}
                clearButtonMode={undefined}
                clearTextOnFocus={undefined}
                editable={undefined}
                enablesReturnKeyAutomatically={undefined}
                keyboardAppearance={undefined}
                keyboardType={undefined}
                maxLength={undefined}
                multiline={true}
                numberOfLines={undefined}
                onBlur={undefined}
                onChange={undefined}
                onChangeText={[Function]}
                onContentSizeChange={undefined}
                onEndEditing={undefined}
                onFocus={undefined}
                onKeyPress={undefined}
                onLayout={undefined}
                onSelectionChange={undefined}
                onSubmitEditing={undefined}
                placeholder={undefined}
                placeholderTextColor={undefined}
                returnKeyType={undefined}
                secureTextEntry={undefined}
                selectTextOnFocus={undefined}
                selectionColor={undefined}
                selectionState={undefined}
                style={
                  Object {
                    "borderColor": "#cccccc",
                    "borderRadius": 4,
                    "borderWidth": 1,
                    "color": "#000000",
                    "fontSize": 17,
                    "height": 36,
                    "marginBottom": 5,
                    "paddingHorizontal": 7,
                    "paddingVertical": 7,
                  }
                }
                underlineColorAndroid="transparent"
                value="subjective"
              />
            </View>
          </View>
          <View
            style={
              Object {
                "marginBottom": 10,
              }
            }
          >
            <Text
              accessible={true}
              allowFontScaling={true}
              ellipsizeMode="tail"
              style={
                Object {
                  "color": "#000000",
                  "fontSize": 17,
                  "fontWeight": "500",
                  "marginBottom": 7,
                }
              }
            >
              Objective (optional)
            </Text>
            <View
              style={Object {}}
            >
              <TextInput
                accessibilityLabel="Objective (optional)"
                allowFontScaling={true}
                autoCapitalize={undefined}
                autoCorrect={undefined}
                autoFocus={undefined}
                blurOnSubmit={undefined}
                clearButtonMode={undefined}
                clearTextOnFocus={undefined}
                editable={undefined}
                enablesReturnKeyAutomatically={undefined}
                keyboardAppearance={undefined}
                keyboardType={undefined}
                maxLength={undefined}
                multiline={true}
                numberOfLines={undefined}
                onBlur={undefined}
                onChange={undefined}
                onChangeText={[Function]}
                onContentSizeChange={undefined}
                onEndEditing={undefined}
                onFocus={undefined}
                onKeyPress={undefined}
                onLayout={undefined}
                onSelectionChange={undefined}
                onSubmitEditing={undefined}
                placeholder={undefined}
                placeholderTextColor={undefined}
                returnKeyType={undefined}
                secureTextEntry={undefined}
                selectTextOnFocus={undefined}
                selectionColor={undefined}
                selectionState={undefined}
                style={
                  Object {
                    "borderColor": "#cccccc",
                    "borderRadius": 4,
                    "borderWidth": 1,
                    "color": "#000000",
                    "fontSize": 17,
                    "height": 36,
                    "marginBottom": 5,
                    "paddingHorizontal": 7,
                    "paddingVertical": 7,
                  }
                }
                underlineColorAndroid="transparent"
                value="objective"
              />
            </View>
          </View>
          <View
            style={
              Object {
                "marginBottom": 10,
              }
            }
          >
            <Text
              accessible={true}
              allowFontScaling={true}
              ellipsizeMode="tail"
              style={
                Object {
                  "color": "#000000",
                  "fontSize": 17,
                  "fontWeight": "500",
                  "marginBottom": 7,
                }
              }
            >
              Assessment (optional)
            </Text>
            <View
              style={Object {}}
            >
              <TextInput
                accessibilityLabel="Assessment (optional)"
                allowFontScaling={true}
                autoCapitalize={undefined}
                autoCorrect={undefined}
                autoFocus={undefined}
                blurOnSubmit={undefined}
                clearButtonMode={undefined}
                clearTextOnFocus={undefined}
                editable={undefined}
                enablesReturnKeyAutomatically={undefined}
                keyboardAppearance={undefined}
                keyboardType={undefined}
                maxLength={undefined}
                multiline={true}
                numberOfLines={undefined}
                onBlur={undefined}
                onChange={undefined}
                onChangeText={[Function]}
                onContentSizeChange={undefined}
                onEndEditing={undefined}
                onFocus={undefined}
                onKeyPress={undefined}
                onLayout={undefined}
                onSelectionChange={undefined}
                onSubmitEditing={undefined}
                placeholder={undefined}
                placeholderTextColor={undefined}
                returnKeyType={undefined}
                secureTextEntry={undefined}
                selectTextOnFocus={undefined}
                selectionColor={undefined}
                selectionState={undefined}
                style={
                  Object {
                    "borderColor": "#cccccc",
                    "borderRadius": 4,
                    "borderWidth": 1,
                    "color": "#000000",
                    "fontSize": 17,
                    "height": 36,
                    "marginBottom": 5,
                    "paddingHorizontal": 7,
                    "paddingVertical": 7,
                  }
                }
                underlineColorAndroid="transparent"
                value="assessment"
              />
            </View>
          </View>
          <View
            style={
              Object {
                "marginBottom": 10,
              }
            }
          >
            <Text
              accessible={true}
              allowFontScaling={true}
              ellipsizeMode="tail"
              style={
                Object {
                  "color": "#000000",
                  "fontSize": 17,
                  "fontWeight": "500",
                  "marginBottom": 7,
                }
              }
            >
              Plan (optional)
            </Text>
            <View
              style={Object {}}
            >
              <TextInput
                accessibilityLabel="Plan (optional)"
                allowFontScaling={true}
                autoCapitalize={undefined}
                autoCorrect={undefined}
                autoFocus={undefined}
                blurOnSubmit={undefined}
                clearButtonMode={undefined}
                clearTextOnFocus={undefined}
                editable={undefined}
                enablesReturnKeyAutomatically={undefined}
                keyboardAppearance={undefined}
                keyboardType={undefined}
                maxLength={undefined}
                multiline={true}
                numberOfLines={undefined}
                onBlur={undefined}
                onChange={undefined}
                onChangeText={[Function]}
                onContentSizeChange={undefined}
                onEndEditing={undefined}
                onFocus={undefined}
                onKeyPress={undefined}
                onLayout={undefined}
                onSelectionChange={undefined}
                onSubmitEditing={undefined}
                placeholder={undefined}
                placeholderTextColor={undefined}
                returnKeyType={undefined}
                secureTextEntry={undefined}
                selectTextOnFocus={undefined}
                selectionColor={undefined}
                selectionState={undefined}
                style={
                  Object {
                    "borderColor": "#cccccc",
                    "borderRadius": 4,
                    "borderWidth": 1,
                    "color": "#000000",
                    "fontSize": 17,
                    "height": 36,
                    "marginBottom": 5,
                    "paddingHorizontal": 7,
                    "paddingVertical": 7,
                  }
                }
                underlineColorAndroid="transparent"
                value="plan"
              />
            </View>
          </View>
          <View
            style={
              Object {
                "marginBottom": 10,
              }
            }
          >
            <Text
              accessible={true}
              allowFontScaling={true}
              ellipsizeMode="tail"
              style={
                Object {
                  "color": "#000000",
                  "fontSize": 17,
                  "fontWeight": "500",
                  "marginBottom": 7,
                }
              }
            >
              Wishlist (optional)
            </Text>
            <View
              style={Object {}}
            >
              <TextInput
                accessibilityLabel="Wishlist (optional)"
                allowFontScaling={true}
                autoCapitalize={undefined}
                autoCorrect={undefined}
                autoFocus={undefined}
                blurOnSubmit={undefined}
                clearButtonMode={undefined}
                clearTextOnFocus={undefined}
                editable={undefined}
                enablesReturnKeyAutomatically={undefined}
                keyboardAppearance={undefined}
                keyboardType={undefined}
                maxLength={undefined}
                multiline={true}
                numberOfLines={undefined}
                onBlur={undefined}
                onChange={undefined}
                onChangeText={[Function]}
                onContentSizeChange={undefined}
                onEndEditing={undefined}
                onFocus={undefined}
                onKeyPress={undefined}
                onLayout={undefined}
                onSelectionChange={undefined}
                onSubmitEditing={undefined}
                placeholder={undefined}
                placeholderTextColor={undefined}
                returnKeyType={undefined}
                secureTextEntry={undefined}
                selectTextOnFocus={undefined}
                selectionColor={undefined}
                selectionState={undefined}
                style={
                  Object {
                    "borderColor": "#cccccc",
                    "borderRadius": 4,
                    "borderWidth": 1,
                    "color": "#000000",
                    "fontSize": 17,
                    "height": 36,
                    "marginBottom": 5,
                    "paddingHorizontal": 7,
                    "paddingVertical": 7,
                  }
                }
                underlineColorAndroid="transparent"
                value="wishlist"
              />
            </View>
          </View>
          <View
            style={
              Object {
                "marginBottom": 10,
              }
            }
          >
            <Text
              accessible={true}
              allowFontScaling={true}
              ellipsizeMode="tail"
              style={
                Object {
                  "color": "#000000",
                  "fontSize": 17,
                  "fontWeight": "500",
                  "marginBottom": 7,
                }
              }
            >
              Provider
            </Text>
            <View
              style={Object {}}
            >
              <TextInput
                accessibilityLabel="Provider"
                allowFontScaling={true}
                autoCapitalize={undefined}
                autoCorrect={undefined}
                autoFocus={undefined}
                blurOnSubmit={undefined}
                clearButtonMode={undefined}
                clearTextOnFocus={undefined}
                editable={undefined}
                enablesReturnKeyAutomatically={undefined}
                keyboardAppearance={undefined}
                keyboardType={undefined}
                maxLength={undefined}
                multiline={undefined}
                numberOfLines={undefined}
                onBlur={undefined}
                onChange={undefined}
                onChangeText={[Function]}
                onContentSizeChange={undefined}
                onEndEditing={undefined}
                onFocus={undefined}
                onKeyPress={undefined}
                onLayout={undefined}
                onSelectionChange={undefined}
                onSubmitEditing={undefined}
                placeholder={undefined}
                placeholderTextColor={undefined}
                returnKeyType={undefined}
                secureTextEntry={undefined}
                selectTextOnFocus={undefined}
                selectionColor={undefined}
                selectionState={undefined}
                style={
                  Object {
                    "borderColor": "#cccccc",
                    "borderRadius": 4,
                    "borderWidth": 1,
                    "color": "#000000",
                    "fontSize": 17,
                    "height": 36,
                    "marginBottom": 5,
                    "paddingHorizontal": 7,
                    "paddingVertical": 7,
                  }
                }
                underlineColorAndroid="transparent"
                value="doc"
              />
            </View>
          </View>
        </View>
        <View
          accessibilityComponentType="button"
          accessibilityLabel={undefined}
          accessibilityTraits={
            Array [
              "button",
            ]
          }
          accessible={true}
          collapsable={undefined}
          hasTVPreferredFocus={undefined}
          hitSlop={undefined}
          isTVSelectable={true}
          nativeID={undefined}
          onLayout={undefined}
          onResponderGrant={[Function]}
          onResponderMove={[Function]}
          onResponderRelease={[Function]}
          onResponderTerminate={[Function]}
          onResponderTerminationRequest={[Function]}
          onStartShouldSetResponder={[Function]}
          style={
            Object {
              "opacity": 1,
            }
          }
          testID={undefined}
          tvParallaxProperties={undefined}
        >
          <View
            style={
              Array [
                Object {},
              ]
            }
          >
            <Text
              accessible={true}
              allowFontScaling={true}
              disabled={undefined}
              ellipsizeMode="tail"
              style={
                Array [
                  Object {
                    "color": "#007AFF",
                    "fontSize": 18,
                    "padding": 8,
                    "textAlign": "center",
                  },
                ]
              }
            >
              Update
            </Text>
          </View>
        </View>
      </View>
    </View>
  </RCTScrollView>
  <View
    style={
      Object {
        "alignItems": "center",
        "backgroundColor": "#F5FCFF",
        "justifyContent": "center",
      }
    }
  >
    <Text
      accessible={true}
      allowFontScaling={true}
      ellipsizeMode="tail"
      style={
        Object {
          "color": "red",
          "textAlign": "center",
        }
      }
    />
    <Text
      accessible={true}
      allowFontScaling={true}
      ellipsizeMode="tail"
      style={
        Object {
          "color": "green",
          "textAlign": "center",
        }
      }
    />
  </View>
</View>
`;
